###############################################################################
#
# IAR ELF Linker V8.50.6.265/W32 for ARM                  31/Jan/2021  15:03:01
# Copyright 2007-2020 IAR Systems AB.
#
#    Output file  =  C:\Users\jjona\OneDrive\Dokument\DST2\Debug\Exe\DST2.out
#    Map file     =  C:\Users\jjona\OneDrive\Dokument\DST2\Debug\List\DST2.map
#    Command line =
#        -f C:\Users\jjona\AppData\Local\Temp\EW844C.tmp
#        (C:\Users\jjona\OneDrive\Dokument\DST2\Debug\Obj\context_switching_functions_march_2019.o
#        C:\Users\jjona\OneDrive\Dokument\DST2\Debug\Obj\cstartup.o
#        C:\Users\jjona\OneDrive\Dokument\DST2\Debug\Obj\exceptions.o
#        C:\Users\jjona\OneDrive\Dokument\DST2\Debug\Obj\kernel_functions.o
#        C:\Users\jjona\OneDrive\Dokument\DST2\Debug\Obj\list.o
#        C:\Users\jjona\OneDrive\Dokument\DST2\Debug\Obj\main.o
#        C:\Users\jjona\OneDrive\Dokument\DST2\Debug\Obj\startup_sam3x.o
#        C:\Users\jjona\OneDrive\Dokument\DST2\Debug\Obj\system_sam3x.o
#        --no_out_extension -o
#        C:\Users\jjona\OneDrive\Dokument\DST2\Debug\Exe\DST2.out --redirect
#        _Printf=_PrintfFullNoMb --redirect _Scanf=_ScanfFullNoMb --map
#        C:\Users\jjona\OneDrive\Dokument\DST2\Debug\List\DST2.map --config
#        "C:\Program Files (x86)\IAR Systems\Embedded Workbench
#        8.4\arm\config\linker\Microchip\sam3x8\sram.icf" --semihosting --entry
#        __iar_program_start --vfe --text_out locale)
#
###############################################################################

*******************************************************************************
*** MESSAGES
***

Warning[Lt056]: Call or jump from Thumb code to an even address
            Destination: "TimerInt"
            Location:    "SysTick_Handler" + 0x2c


*******************************************************************************
*** RUNTIME MODEL ATTRIBUTES
***

CppFlavor       = *
__Heap_Handler  = Basic
__SystemLibrary = DLib
__dlib_version  = 6


*******************************************************************************
*** HEAP SELECTION
***

The basic heap was selected because some modules are built with
size limitations (and not runtime checking), and --advanced_heap
was not specified.


*******************************************************************************
*** PLACEMENT SUMMARY
***

"A0":  place at address 0x2007'0000 { ro section .intvec };
"P1":  place in [from 0x2007'0000 to 0x2008'7fff] { ro };
define block CSTACK with size = 4K, alignment = 8 { };
define block HEAP with size = 8K, alignment = 8 { };
"P2":  place in [from 0x2007'0000 to 0x2008'7fff] {
          rw, block CSTACK, block HEAP };
initialize by copy with packing = copy, complex ranges { rw };

  Section            Kind         Address    Size  Object
  -------            ----         -------    ----  ------
"A0":                                        0xf4
  .intvec                     0x2007'0000    0xf4  <Block>
    .intvec          const    0x2007'0000    0xf4  startup_sam3x.o [1]
                            - 0x2007'00f4    0xf4

"P1-P2", part 1 of 3:                       0xad4
  .text              ro code  0x2007'00f4   0x2b0  main.o [1]
  .text              ro code  0x2007'03a4   0x122  kernel_functions.o [1]
  .text              ro code  0x2007'04c6    0x3a  zero_init3.o [3]
  .text              ro code  0x2007'0500    0xa0  system_sam3x.o [1]
  .text              ro code  0x2007'05a0   0x1c8  context_switching_functions_march_2019.o [1]
  .text              ro code  0x2007'0768   0x18c  list.o [1]
  .text              ro code  0x2007'08f4   0x170  heap0.o [2]
  .text              ro code  0x2007'0a64     0x4  heaptramp0.o [2]
  .text              ro code  0x2007'0a68    0x2c  xgetmemchunk.o [2]
  .text              ro code  0x2007'0a94    0x12  xxmemxmemzero.o [2]
  .text              ro code  0x2007'0aa6    0x2e  copy_init3.o [3]
  .text              ro code  0x2007'0ad4    0x30  startup_sam3x.o [1]
  .text              ro code  0x2007'0b04     0xc  cstartup.o [1]
  .text              ro code  0x2007'0b10    0x1e  cmain.o [3]
  .text              ro code  0x2007'0b2e     0x2  exceptions.o [1]
  .text              ro code  0x2007'0b30    0x28  data_init.o [3]
  .text              ro code  0x2007'0b58     0x4  exit.o [2]
  .text              ro code  0x2007'0b5c     0xa  cexit.o [3]
  .text              ro code  0x2007'0b68    0x14  exit.o [4]
  .iar.init_table    const    0x2007'0b7c    0x24  - Linker created -
  .rodata            const    0x2007'0ba0     0x0  zero_init3.o [3]
  .rodata            const    0x2007'0ba0     0x0  copy_init3.o [3]
  P1-P2 s0                    0x2007'0ba0    0x14  <Init block>
    .data            inited   0x2007'0ba0     0x4  main.o [1]
    .data            inited   0x2007'0ba4     0x4  main.o [1]
    .data            inited   0x2007'0ba8     0x4  main.o [1]
    .data            inited   0x2007'0bac     0x4  main.o [1]
    .data            inited   0x2007'0bb0     0x4  system_sam3x.o [1]
  Initializer bytes  const    0x2007'0bb4    0x14  <for P1-P2 s0>
                            - 0x2007'0bc8   0xad4

"P1-P2", part 2 of 3:                        0x4c
  .bss               zero     0x2007'0bc8     0x8  heap0.o [2]
  .bss               zero     0x2007'0bd0     0x4  kernel_functions.o [1]
  .bss               zero     0x2007'0bd4     0x4  kernel_functions.o [1]
  .bss               zero     0x2007'0bd8     0x4  kernel_functions.o [1]
  .bss               zero     0x2007'0bdc     0x4  list.o [1]
  .bss               zero     0x2007'0be0     0x4  list.o [1]
  .bss               zero     0x2007'0be4     0x4  list.o [1]
  .bss               zero     0x2007'0be8     0x4  list.o [1]
  .bss               zero     0x2007'0bec     0x4  list.o [1]
  .bss               zero     0x2007'0bf0     0x4  main.o [1]
  .bss               zero     0x2007'0bf4     0x4  main.o [1]
  .bss               zero     0x2007'0bf8     0x4  main.o [1]
  .bss               zero     0x2007'0bfc     0x4  main.o [1]
  .bss               zero     0x2007'0c00     0x4  main.o [1]
  .bss               zero     0x2007'0c04     0x4  main.o [1]
  .bss               zero     0x2007'0c08     0x4  main.o [1]
  .bss               zero     0x2007'0c0c     0x4  main.o [1]
  .bss               zero     0x2007'0c10     0x4  xgetmemchunk.o [2]
                            - 0x2007'0c14    0x4c

"P1-P2", part 3 of 3:                      0x3000
  CSTACK                      0x2007'0c18  0x1000  <Block>
    CSTACK           uninit   0x2007'0c18  0x1000  <Block tail>
  HEAP                        0x2007'1c18  0x2000  <Block>
    HEAP             uninit   0x2007'1c18  0x2000  <Block tail>
                            - 0x2007'3c18  0x3000

Unused ranges:

         From           To      Size
         ----           --      ----
  0x2007'0c14  0x2007'0c17       0x4
  0x2007'3c18  0x2008'7fff  0x1'43e8


*******************************************************************************
*** INIT TABLE
***

          Address      Size
          -------      ----
Zero (__iar_zero_init3)
    1 destination range, total size 0x4c:
          0x2007'0bc8  0x4c

Copy (__iar_copy_init3)
    1 source range, total size 0x14:
          0x2007'0bb4  0x14
    1 destination range, total size 0x14:
          0x2007'0ba0  0x14



*******************************************************************************
*** MODULE SUMMARY
***

    Module                                    ro code  ro data  rw data
    ------                                    -------  -------  -------
command line/config:
    -------------------------------------------------------------------
    Total:

C:\Users\jjona\OneDrive\Dokument\DST2\Debug\Obj: [1]
    context_switching_functions_march_2019.o      456
    cstartup.o                                     12
    exceptions.o                                    2
    kernel_functions.o                            290                12
    list.o                                        396                20
    main.o                                        688       16       48
    startup_sam3x.o                                48      244
    system_sam3x.o                                160        4        4
    -------------------------------------------------------------------
    Total:                                      2'052      264       84

dl7M_tln.a: [2]
    exit.o                                          4
    heap0.o                                       368                 8
    heaptramp0.o                                    4
    xgetmemchunk.o                                 44                 4
    xxmemxmemzero.o                                18
    -------------------------------------------------------------------
    Total:                                        438                12

rt7M_tl.a: [3]
    cexit.o                                        10
    cmain.o                                        30
    copy_init3.o                                   46
    data_init.o                                    40
    zero_init3.o                                   58
    -------------------------------------------------------------------
    Total:                                        184

shb_l.a: [4]
    exit.o                                         20
    -------------------------------------------------------------------
    Total:                                         20

    Gaps                                            2
    Linker created                                          36   12'288
-----------------------------------------------------------------------
    Grand Total:                                2'696      300   12'384


*******************************************************************************
*** ENTRY LIST
***

Entry                       Address   Size  Type      Object
-----                       -------   ----  ----      ------
.iar.init_table$$Base   0x2007'0b7c          --   Gb  - Linker created -
.iar.init_table$$Limit  0x2007'0ba0          --   Gb  - Linker created -
.intvec$$Base           0x2007'0000          --   Gb  - Linker created -
.intvec$$Limit          0x2007'00f4          --   Gb  - Linker created -
?main                   0x2007'0b11         Code  Gb  cmain.o [3]
ADC_Handler             0x2007'0b2f    0x2  Code  Wk  exceptions.o [1]
Aldata                  0x2007'0bc8    0x8  Data  Lc  heap0.o [2]
BusFault_Handler        0x2007'0b2f    0x2  Code  Wk  exceptions.o [1]
CAN0_Handler            0x2007'0b2f    0x2  Code  Wk  exceptions.o [1]
CAN1_Handler            0x2007'0b2f    0x2  Code  Wk  exceptions.o [1]
CSTACK$$Base            0x2007'0c18          --   Gb  - Linker created -
CSTACK$$Limit           0x2007'1c18          --   Gb  - Linker created -
DACC_Handler            0x2007'0b2f    0x2  Code  Wk  exceptions.o [1]
DMAC_Handler            0x2007'0b2f    0x2  Code  Wk  exceptions.o [1]
DebugMon_Handler        0x2007'0b2f    0x2  Code  Wk  exceptions.o [1]
Dummy_Handler           0x2007'0b2f    0x2  Code  Gb  exceptions.o [1]
EFC0_Handler            0x2007'0b2f    0x2  Code  Wk  exceptions.o [1]
EFC1_Handler            0x2007'0b2f    0x2  Code  Wk  exceptions.o [1]
HEAP$$Base              0x2007'1c18          --   Gb  - Linker created -
HEAP$$Limit             0x2007'3c18          --   Gb  - Linker created -
HSMCI_Handler           0x2007'0b2f    0x2  Code  Wk  exceptions.o [1]
HardFault_Handler       0x2007'0b2f    0x2  Code  Wk  exceptions.o [1]
KernelMode              0x2007'0be0    0x4  Data  Gb  list.o [1]
LoadContext_In_Run      0x2007'06c9         Code  Gb  context_switching_functions_march_2019.o [1]
LoadContext_In_Terminate
                        0x2007'06bb         Code  Gb  context_switching_functions_march_2019.o [1]
MemManage_Handler       0x2007'0b2f    0x2  Code  Wk  exceptions.o [1]
NMI_Handler             0x2007'0b2f    0x2  Code  Wk  exceptions.o [1]
NVIC_SetPriority        0x2007'00f5   0x24  Code  Lc  main.o [1]
NextTask                0x2007'0bd4    0x4  Data  Gb  kernel_functions.o [1]
PIOA_Handler            0x2007'0b2f    0x2  Code  Wk  exceptions.o [1]
PIOB_Handler            0x2007'0b2f    0x2  Code  Wk  exceptions.o [1]
PIOC_Handler            0x2007'0b2f    0x2  Code  Wk  exceptions.o [1]
PIOD_Handler            0x2007'0b2f    0x2  Code  Wk  exceptions.o [1]
PMC_Handler             0x2007'0b2f    0x2  Code  Wk  exceptions.o [1]
PWM_Handler             0x2007'0b2f    0x2  Code  Wk  exceptions.o [1]
PendSV_Handler          0x2007'0b2f    0x2  Code  Wk  exceptions.o [1]
PreviousTask            0x2007'0bd8    0x4  Data  Gb  kernel_functions.o [1]
RSTC_Handler            0x2007'0b2f    0x2  Code  Wk  exceptions.o [1]
RTC_Handler             0x2007'0b2f    0x2  Code  Wk  exceptions.o [1]
RTT_Handler             0x2007'0b2f    0x2  Code  Wk  exceptions.o [1]
ReadyList               0x2007'0be4    0x4  Data  Gb  list.o [1]
Region$$Table$$Base     0x2007'0b7c          --   Gb  - Linker created -
Region$$Table$$Limit    0x2007'0ba0          --   Gb  - Linker created -
Reset_Handler           0x2007'0afd    0x8  Code  Gb  startup_sam3x.o [1]
SPI0_Handler            0x2007'0b2f    0x2  Code  Wk  exceptions.o [1]
SSC_Handler             0x2007'0b2f    0x2  Code  Wk  exceptions.o [1]
SUPC_Handler            0x2007'0b2f    0x2  Code  Wk  exceptions.o [1]
SVC_Handler             0x2007'05f1         Code  Gb  context_switching_functions_march_2019.o [1]
SwitchContext           0x2007'06ad         Code  Gb  context_switching_functions_march_2019.o [1]
SysTick_Config          0x2007'0119   0x30  Code  Lc  main.o [1]
SysTick_Handler         0x2007'05a1         Code  Gb  context_switching_functions_march_2019.o [1]
SystemCoreClock         0x2007'0bb0    0x4  Data  Gb  system_sam3x.o [1]
SystemInit              0x2007'0501   0x70  Code  Gb  system_sam3x.o [1]
TC0_Handler             0x2007'0b2f    0x2  Code  Wk  exceptions.o [1]
TC1_Handler             0x2007'0b2f    0x2  Code  Wk  exceptions.o [1]
TC2_Handler             0x2007'0b2f    0x2  Code  Wk  exceptions.o [1]
TC3_Handler             0x2007'0b2f    0x2  Code  Wk  exceptions.o [1]
TC4_Handler             0x2007'0b2f    0x2  Code  Wk  exceptions.o [1]
TC5_Handler             0x2007'0b2f    0x2  Code  Wk  exceptions.o [1]
TRNG_Handler            0x2007'0b2f    0x2  Code  Wk  exceptions.o [1]
TWI0_Handler            0x2007'0b2f    0x2  Code  Wk  exceptions.o [1]
TWI1_Handler            0x2007'0b2f    0x2  Code  Wk  exceptions.o [1]
Ticks                   0x2007'0bdc    0x4  Data  Gb  list.o [1]
TimerInt                0x2007'0bd0    0x4  Data  Gb  kernel_functions.o [1]
TimerList               0x2007'0bec    0x4  Data  Gb  list.o [1]
UART_Handler            0x2007'0b2f    0x2  Code  Wk  exceptions.o [1]
UOTGHS_Handler          0x2007'0b2f    0x2  Code  Wk  exceptions.o [1]
USART0_Handler          0x2007'0b2f    0x2  Code  Wk  exceptions.o [1]
USART1_Handler          0x2007'0b2f    0x2  Code  Wk  exceptions.o [1]
USART2_Handler          0x2007'0b2f    0x2  Code  Wk  exceptions.o [1]
UsageFault_Handler      0x2007'0b2f    0x2  Code  Wk  exceptions.o [1]
WDT_Handler             0x2007'0b2f    0x2  Code  Wk  exceptions.o [1]
WaitingList             0x2007'0be8    0x4  Data  Gb  list.o [1]
__basic_calloc          0x2007'0a2b   0x36  Code  Gb  heap0.o [2]
__basic_free            0x2007'09a1   0x16  Code  Gb  heap0.o [2]
__basic_free_intern     0x2007'09b7   0x74  Code  Lc  heap0.o [2]
__basic_malloc          0x2007'08f5   0x18  Code  Gb  heap0.o [2]
__basic_malloc_intern   0x2007'090d   0x94  Code  Lc  heap0.o [2]
__cmain                 0x2007'0b11         Code  Gb  cmain.o [3]
__data_GetMemChunk      0x2007'0a69   0x2c  Code  Gb  xgetmemchunk.o [2]
__data_GetMemChunk::start
                        0x2007'0c10    0x4  Data  Lc  xgetmemchunk.o [2]
__data_memzero          0x2007'0a95   0x12  Code  Gb  xxmemxmemzero.o [2]
__exit                  0x2007'0b69   0x14  Code  Gb  exit.o [4]
__iar_copy_init3        0x2007'0aa7   0x2e  Code  Gb  copy_init3.o [3]
__iar_data_init3        0x2007'0b31   0x28  Code  Gb  data_init.o [3]
__iar_program_start     0x2007'0b05         Code  Gb  cstartup.o [1]
__iar_zero_init3        0x2007'04c7   0x3a  Code  Gb  zero_init3.o [3]
__low_level_init        0x2007'0ad5   0x20  Code  Gb  startup_sam3x.o [1]
__vector_table          0x2007'0000   0xf4  Data  Gb  startup_sam3x.o [1]
_call_main              0x2007'0b1d         Code  Gb  cmain.o [3]
_exit                   0x2007'0b5d         Code  Gb  cexit.o [3]
_main                   0x2007'0b2b         Code  Gb  cmain.o [3]
configList              0x2007'0769  0x12c  Code  Gb  list.o [1]
create_task             0x2007'03c7   0x96  Code  Gb  kernel_functions.o [1]
exit                    0x2007'0b59    0x4  Code  Gb  exit.o [2]
extract                 0x2007'08c1   0x28  Code  Gb  list.o [1]
free                    0x2007'0a65    0x4  Code  Gb  heaptramp0.o [2]
g0                      0x2007'0bf0    0x4  Data  Gb  main.o [1]
g1                      0x2007'0bf4    0x4  Data  Gb  main.o [1]
g2                      0x2007'0bf8    0x4  Data  Gb  main.o [1]
g3                      0x2007'0ba0    0x4  Data  Gb  main.o [1]
highEndPtr              0x2007'0c0c    0x4  Data  Gb  main.o [1]
high_deadline           0x2007'0ba8    0x4  Data  Gb  main.o [1]
i                       0x2007'0c00    0x4  Data  Gb  main.o [1]
idleTask                0x2007'04c5    0x2  Code  Gb  kernel_functions.o [1]
init_kernel             0x2007'03a5   0x22  Code  Gb  kernel_functions.o [1]
insertList              0x2007'0895   0x16  Code  Gb  list.o [1]
isr_off                 0x2007'074b         Code  Gb  context_switching_functions_march_2019.o [1]
isr_on                  0x2007'0741         Code  Gb  context_switching_functions_march_2019.o [1]
lowEndPtr               0x2007'0c08    0x4  Data  Gb  main.o [1]
low_deadline            0x2007'0ba4    0x4  Data  Gb  main.o [1]
main                    0x2007'01d1  0x170  Code  Gb  main.o [1]
object_remove_list      0x2007'08ab   0x16  Code  Gb  list.o [1]
run                     0x2007'048f   0x20  Code  Gb  kernel_functions.o [1]
sPtr                    0x2007'0c04    0x4  Data  Gb  main.o [1]
switch_to_stack_of_next_task
                        0x2007'072d         Code  Gb  context_switching_functions_march_2019.o [1]
task_body_1             0x2007'0149    0x8  Code  Gb  main.o [1]
task_body_2             0x2007'0151   0x74  Code  Gb  main.o [1]
task_body_2::count_recursive_calls
                        0x2007'0bfc    0x4  Data  Lc  main.o [1]
task_body_2::recursion_depth_left
                        0x2007'0bac    0x4  Data  Lc  main.o [1]
task_body_3             0x2007'01c5    0xc  Code  Gb  main.o [1]
terminate               0x2007'045d   0x32  Code  Gb  kernel_functions.o [1]


[1] = C:\Users\jjona\OneDrive\Dokument\DST2\Debug\Obj
[2] = dl7M_tln.a
[3] = rt7M_tl.a
[4] = shb_l.a

   2'696 bytes of readonly  code memory
     300 bytes of readonly  data memory
  12'384 bytes of readwrite data memory

Errors: none
Warnings: 1
